// Jest Snapshot v1, https://goo.gl/fbAQLP

exports[`should create not found page 1`] = `
<div>
  404: Not found - 
  <Link
    replace={false}
    to="/"
  >
    Go home
  </Link>
</div>
`;
